number alphas: 1
number_input_modes: 8
squeezing_option: False
[CSD] 0.0.1|DEBUG|2022-03-22 16:59:03]: Executing One Layer circuit with Backend: tf,  with measuring_type: probabilities 
batch_size:256 plays:1 modes:8 ancillas: 0 
steps: [100,150,300], l_rate: [0.1,0.01,0.01], cutoff_dim: [4,4,30] 
layers:1 squeezing: False
[CSD] 0.0.1|DEBUG|2022-03-22 16:59:03]: Optimizing for alpha: 0.67 with 128 codebooks.
[CSD] 0.0.1|DEBUG|2022-03-22 16:59:03]: current codebook: [[0.6687499999999998, 0.6687499999999998, 0.6687499999999998, 0.6687499999999998, 0.6687499999999998, 0.6687499999999998, 0.6687499999999998, 0.6687499999999998], [0.6687499999999998, 0.6687499999999998, 0.6687499999999998, 0.6687499999999998, 0.6687499999999998, 0.6687499999999998, -0.6687499999999998, 0.6687499999999998], [0.6687499999999998, 0.6687499999999998, 0.6687499999999998, 0.6687499999999998, 0.6687499999999998, -0.6687499999999998, 0.6687499999999998, 0.6687499999999998], [0.6687499999999998, 0.6687499999999998, 0.6687499999999998, 0.6687499999999998, 0.6687499999999998, -0.6687499999999998, -0.6687499999999998, 0.6687499999999998], [0.6687499999999998, 0.6687499999999998, 0.6687499999999998, 0.6687499999999998, -0.6687499999999998, 0.6687499999999998, 0.6687499999999998, 0.6687499999999998], [0.6687499999999998, 0.6687499999999998, 0.6687499999999998, 0.6687499999999998, -0.6687499999999998, 0.6687499999999998, -0.6687499999999998, 0.6687499999999998], [0.6687499999999998, 0.6687499999999998, 0.6687499999999998, 0.6687499999999998, -0.6687499999999998, -0.6687499999999998, 0.6687499999999998, 0.6687499999999998], [0.6687499999999998, 0.6687499999999998, 0.6687499999999998, 0.6687499999999998, -0.6687499999999998, -0.6687499999999998, -0.6687499999999998, 0.6687499999999998], [0.6687499999999998, 0.6687499999999998, 0.6687499999999998, -0.6687499999999998, 0.6687499999999998, 0.6687499999999998, 0.6687499999999998, 0.6687499999999998], [0.6687499999999998, 0.6687499999999998, 0.6687499999999998, -0.6687499999999998, 0.6687499999999998, 0.6687499999999998, -0.6687499999999998, 0.6687499999999998], [0.6687499999999998, 0.6687499999999998, 0.6687499999999998, -0.6687499999999998, 0.6687499999999998, -0.6687499999999998, 0.6687499999999998, 0.6687499999999998], [0.6687499999999998, 0.6687499999999998, 0.6687499999999998, -0.6687499999999998, 0.6687499999999998, -0.6687499999999998, -0.6687499999999998, 0.6687499999999998], [0.6687499999999998, 0.6687499999999998, 0.6687499999999998, -0.6687499999999998, -0.6687499999999998, 0.6687499999999998, 0.6687499999999998, 0.6687499999999998], [0.6687499999999998, 0.6687499999999998, 0.6687499999999998, -0.6687499999999998, -0.6687499999999998, 0.6687499999999998, -0.6687499999999998, 0.6687499999999998], [0.6687499999999998, 0.6687499999999998, 0.6687499999999998, -0.6687499999999998, -0.6687499999999998, -0.6687499999999998, 0.6687499999999998, 0.6687499999999998], [0.6687499999999998, 0.6687499999999998, 0.6687499999999998, -0.6687499999999998, -0.6687499999999998, -0.6687499999999998, -0.6687499999999998, 0.6687499999999998], [0.6687499999999998, 0.6687499999999998, -0.6687499999999998, 0.6687499999999998, 0.6687499999999998, 0.6687499999999998, 0.6687499999999998, 0.6687499999999998], [0.6687499999999998, 0.6687499999999998, -0.6687499999999998, 0.6687499999999998, 0.6687499999999998, 0.6687499999999998, -0.6687499999999998, 0.6687499999999998], [0.6687499999999998, 0.6687499999999998, -0.6687499999999998, 0.6687499999999998, 0.6687499999999998, -0.6687499999999998, 0.6687499999999998, 0.6687499999999998], [0.6687499999999998, 0.6687499999999998, -0.6687499999999998, 0.6687499999999998, 0.6687499999999998, -0.6687499999999998, -0.6687499999999998, 0.6687499999999998], [0.6687499999999998, 0.6687499999999998, -0.6687499999999998, 0.6687499999999998, -0.6687499999999998, 0.6687499999999998, 0.6687499999999998, 0.6687499999999998], [0.6687499999999998, 0.6687499999999998, -0.6687499999999998, 0.6687499999999998, -0.6687499999999998, 0.6687499999999998, -0.6687499999999998, 0.6687499999999998], [0.6687499999999998, 0.6687499999999998, -0.6687499999999998, 0.6687499999999998, -0.6687499999999998, -0.6687499999999998, 0.6687499999999998, 0.6687499999999998], [0.6687499999999998, 0.6687499999999998, -0.6687499999999998, 0.6687499999999998, -0.6687499999999998, -0.6687499999999998, -0.6687499999999998, 0.6687499999999998], [0.6687499999999998, 0.6687499999999998, -0.6687499999999998, -0.6687499999999998, 0.6687499999999998, 0.6687499999999998, 0.6687499999999998, 0.6687499999999998], [0.6687499999999998, 0.6687499999999998, -0.6687499999999998, -0.6687499999999998, 0.6687499999999998, 0.6687499999999998, -0.6687499999999998, 0.6687499999999998], [0.6687499999999998, 0.6687499999999998, -0.6687499999999998, -0.6687499999999998, 0.6687499999999998, -0.6687499999999998, 0.6687499999999998, 0.6687499999999998], [0.6687499999999998, 0.6687499999999998, -0.6687499999999998, -0.6687499999999998, 0.6687499999999998, -0.6687499999999998, -0.6687499999999998, 0.6687499999999998], [0.6687499999999998, 0.6687499999999998, -0.6687499999999998, -0.6687499999999998, -0.6687499999999998, 0.6687499999999998, 0.6687499999999998, 0.6687499999999998], [0.6687499999999998, 0.6687499999999998, -0.6687499999999998, -0.6687499999999998, -0.6687499999999998, 0.6687499999999998, -0.6687499999999998, 0.6687499999999998], [0.6687499999999998, 0.6687499999999998, -0.6687499999999998, -0.6687499999999998, -0.6687499999999998, -0.6687499999999998, 0.6687499999999998, 0.6687499999999998], [0.6687499999999998, 0.6687499999999998, -0.6687499999999998, -0.6687499999999998, -0.6687499999999998, -0.6687499999999998, -0.6687499999999998, 0.6687499999999998], [0.6687499999999998, -0.6687499999999998, 0.6687499999999998, 0.6687499999999998, 0.6687499999999998, 0.6687499999999998, 0.6687499999999998, 0.6687499999999998], [0.6687499999999998, -0.6687499999999998, 0.6687499999999998, 0.6687499999999998, 0.6687499999999998, 0.6687499999999998, -0.6687499999999998, 0.6687499999999998], [0.6687499999999998, -0.6687499999999998, 0.6687499999999998, 0.6687499999999998, 0.6687499999999998, -0.6687499999999998, 0.6687499999999998, 0.6687499999999998], [0.6687499999999998, -0.6687499999999998, 0.6687499999999998, 0.6687499999999998, 0.6687499999999998, -0.6687499999999998, -0.6687499999999998, 0.6687499999999998], [0.6687499999999998, -0.6687499999999998, 0.6687499999999998, 0.6687499999999998, -0.6687499999999998, 0.6687499999999998, 0.6687499999999998, 0.6687499999999998], [0.6687499999999998, -0.6687499999999998, 0.6687499999999998, 0.6687499999999998, -0.6687499999999998, 0.6687499999999998, -0.6687499999999998, 0.6687499999999998], [0.6687499999999998, -0.6687499999999998, 0.6687499999999998, 0.6687499999999998, -0.6687499999999998, -0.6687499999999998, 0.6687499999999998, 0.6687499999999998], [0.6687499999999998, -0.6687499999999998, 0.6687499999999998, 0.6687499999999998, -0.6687499999999998, -0.6687499999999998, -0.6687499999999998, 0.6687499999999998], [0.6687499999999998, -0.6687499999999998, 0.6687499999999998, -0.6687499999999998, 0.6687499999999998, 0.6687499999999998, 0.6687499999999998, 0.6687499999999998], [0.6687499999999998, -0.6687499999999998, 0.6687499999999998, -0.6687499999999998, 0.6687499999999998, 0.6687499999999998, -0.6687499999999998, 0.6687499999999998], [0.6687499999999998, -0.6687499999999998, 0.6687499999999998, -0.6687499999999998, 0.6687499999999998, -0.6687499999999998, 0.6687499999999998, 0.6687499999999998], [0.6687499999999998, -0.6687499999999998, 0.6687499999999998, -0.6687499999999998, 0.6687499999999998, -0.6687499999999998, -0.6687499999999998, 0.6687499999999998], [0.6687499999999998, -0.6687499999999998, 0.6687499999999998, -0.6687499999999998, -0.6687499999999998, 0.6687499999999998, 0.6687499999999998, 0.6687499999999998], [0.6687499999999998, -0.6687499999999998, 0.6687499999999998, -0.6687499999999998, -0.6687499999999998, 0.6687499999999998, -0.6687499999999998, 0.6687499999999998], [0.6687499999999998, -0.6687499999999998, 0.6687499999999998, -0.6687499999999998, -0.6687499999999998, -0.6687499999999998, 0.6687499999999998, 0.6687499999999998], [0.6687499999999998, -0.6687499999999998, 0.6687499999999998, -0.6687499999999998, -0.6687499999999998, -0.6687499999999998, -0.6687499999999998, 0.6687499999999998], [0.6687499999999998, -0.6687499999999998, -0.6687499999999998, 0.6687499999999998, 0.6687499999999998, 0.6687499999999998, 0.6687499999999998, 0.6687499999999998], [0.6687499999999998, -0.6687499999999998, -0.6687499999999998, 0.6687499999999998, 0.6687499999999998, 0.6687499999999998, -0.6687499999999998, 0.6687499999999998], [0.6687499999999998, -0.6687499999999998, -0.6687499999999998, 0.6687499999999998, 0.6687499999999998, -0.6687499999999998, 0.6687499999999998, 0.6687499999999998], [0.6687499999999998, -0.6687499999999998, -0.6687499999999998, 0.6687499999999998, 0.6687499999999998, -0.6687499999999998, -0.6687499999999998, 0.6687499999999998], [0.6687499999999998, -0.6687499999999998, -0.6687499999999998, 0.6687499999999998, -0.6687499999999998, 0.6687499999999998, 0.6687499999999998, 0.6687499999999998], [0.6687499999999998, -0.6687499999999998, -0.6687499999999998, 0.6687499999999998, -0.6687499999999998, 0.6687499999999998, -0.6687499999999998, 0.6687499999999998], [0.6687499999999998, -0.6687499999999998, -0.6687499999999998, 0.6687499999999998, -0.6687499999999998, -0.6687499999999998, 0.6687499999999998, 0.6687499999999998], [0.6687499999999998, -0.6687499999999998, -0.6687499999999998, 0.6687499999999998, -0.6687499999999998, -0.6687499999999998, -0.6687499999999998, 0.6687499999999998], [0.6687499999999998, -0.6687499999999998, -0.6687499999999998, -0.6687499999999998, 0.6687499999999998, 0.6687499999999998, 0.6687499999999998, 0.6687499999999998], [0.6687499999999998, -0.6687499999999998, -0.6687499999999998, -0.6687499999999998, 0.6687499999999998, 0.6687499999999998, -0.6687499999999998, 0.6687499999999998], [0.6687499999999998, -0.6687499999999998, -0.6687499999999998, -0.6687499999999998, 0.6687499999999998, -0.6687499999999998, 0.6687499999999998, 0.6687499999999998], [0.6687499999999998, -0.6687499999999998, -0.6687499999999998, -0.6687499999999998, 0.6687499999999998, -0.6687499999999998, -0.6687499999999998, 0.6687499999999998], [0.6687499999999998, -0.6687499999999998, -0.6687499999999998, -0.6687499999999998, -0.6687499999999998, 0.6687499999999998, 0.6687499999999998, 0.6687499999999998], [0.6687499999999998, -0.6687499999999998, -0.6687499999999998, -0.6687499999999998, -0.6687499999999998, 0.6687499999999998, -0.6687499999999998, 0.6687499999999998], [0.6687499999999998, -0.6687499999999998, -0.6687499999999998, -0.6687499999999998, -0.6687499999999998, -0.6687499999999998, 0.6687499999999998, 0.6687499999999998], [0.6687499999999998, -0.6687499999999998, -0.6687499999999998, -0.6687499999999998, -0.6687499999999998, -0.6687499999999998, -0.6687499999999998, 0.6687499999999998], [-0.6687499999999998, 0.6687499999999998, 0.6687499999999998, 0.6687499999999998, 0.6687499999999998, 0.6687499999999998, 0.6687499999999998, 0.6687499999999998], [-0.6687499999999998, 0.6687499999999998, 0.6687499999999998, 0.6687499999999998, 0.6687499999999998, 0.6687499999999998, -0.6687499999999998, 0.6687499999999998], [-0.6687499999999998, 0.6687499999999998, 0.6687499999999998, 0.6687499999999998, 0.6687499999999998, -0.6687499999999998, 0.6687499999999998, 0.6687499999999998], [-0.6687499999999998, 0.6687499999999998, 0.6687499999999998, 0.6687499999999998, 0.6687499999999998, -0.6687499999999998, -0.6687499999999998, 0.6687499999999998], [-0.6687499999999998, 0.6687499999999998, 0.6687499999999998, 0.6687499999999998, -0.6687499999999998, 0.6687499999999998, 0.6687499999999998, 0.6687499999999998], [-0.6687499999999998, 0.6687499999999998, 0.6687499999999998, 0.6687499999999998, -0.6687499999999998, 0.6687499999999998, -0.6687499999999998, 0.6687499999999998], [-0.6687499999999998, 0.6687499999999998, 0.6687499999999998, 0.6687499999999998, -0.6687499999999998, -0.6687499999999998, 0.6687499999999998, 0.6687499999999998], [-0.6687499999999998, 0.6687499999999998, 0.6687499999999998, 0.6687499999999998, -0.6687499999999998, -0.6687499999999998, -0.6687499999999998, 0.6687499999999998], [-0.6687499999999998, 0.6687499999999998, 0.6687499999999998, -0.6687499999999998, 0.6687499999999998, 0.6687499999999998, 0.6687499999999998, 0.6687499999999998], [-0.6687499999999998, 0.6687499999999998, 0.6687499999999998, -0.6687499999999998, 0.6687499999999998, 0.6687499999999998, -0.6687499999999998, 0.6687499999999998], [-0.6687499999999998, 0.6687499999999998, 0.6687499999999998, -0.6687499999999998, 0.6687499999999998, -0.6687499999999998, 0.6687499999999998, 0.6687499999999998], [-0.6687499999999998, 0.6687499999999998, 0.6687499999999998, -0.6687499999999998, 0.6687499999999998, -0.6687499999999998, -0.6687499999999998, 0.6687499999999998], [-0.6687499999999998, 0.6687499999999998, 0.6687499999999998, -0.6687499999999998, -0.6687499999999998, 0.6687499999999998, 0.6687499999999998, 0.6687499999999998], [-0.6687499999999998, 0.6687499999999998, 0.6687499999999998, -0.6687499999999998, -0.6687499999999998, 0.6687499999999998, -0.6687499999999998, 0.6687499999999998], [-0.6687499999999998, 0.6687499999999998, 0.6687499999999998, -0.6687499999999998, -0.6687499999999998, -0.6687499999999998, 0.6687499999999998, 0.6687499999999998], [-0.6687499999999998, 0.6687499999999998, 0.6687499999999998, -0.6687499999999998, -0.6687499999999998, -0.6687499999999998, -0.6687499999999998, 0.6687499999999998], [-0.6687499999999998, 0.6687499999999998, -0.6687499999999998, 0.6687499999999998, 0.6687499999999998, 0.6687499999999998, 0.6687499999999998, 0.6687499999999998], [-0.6687499999999998, 0.6687499999999998, -0.6687499999999998, 0.6687499999999998, 0.6687499999999998, 0.6687499999999998, -0.6687499999999998, 0.6687499999999998], [-0.6687499999999998, 0.6687499999999998, -0.6687499999999998, 0.6687499999999998, 0.6687499999999998, -0.6687499999999998, 0.6687499999999998, 0.6687499999999998], [-0.6687499999999998, 0.6687499999999998, -0.6687499999999998, 0.6687499999999998, 0.6687499999999998, -0.6687499999999998, -0.6687499999999998, 0.6687499999999998], [-0.6687499999999998, 0.6687499999999998, -0.6687499999999998, 0.6687499999999998, -0.6687499999999998, 0.6687499999999998, 0.6687499999999998, 0.6687499999999998], [-0.6687499999999998, 0.6687499999999998, -0.6687499999999998, 0.6687499999999998, -0.6687499999999998, 0.6687499999999998, -0.6687499999999998, 0.6687499999999998], [-0.6687499999999998, 0.6687499999999998, -0.6687499999999998, 0.6687499999999998, -0.6687499999999998, -0.6687499999999998, 0.6687499999999998, 0.6687499999999998], [-0.6687499999999998, 0.6687499999999998, -0.6687499999999998, 0.6687499999999998, -0.6687499999999998, -0.6687499999999998, -0.6687499999999998, 0.6687499999999998], [-0.6687499999999998, 0.6687499999999998, -0.6687499999999998, -0.6687499999999998, 0.6687499999999998, 0.6687499999999998, 0.6687499999999998, 0.6687499999999998], [-0.6687499999999998, 0.6687499999999998, -0.6687499999999998, -0.6687499999999998, 0.6687499999999998, 0.6687499999999998, -0.6687499999999998, 0.6687499999999998], [-0.6687499999999998, 0.6687499999999998, -0.6687499999999998, -0.6687499999999998, 0.6687499999999998, -0.6687499999999998, 0.6687499999999998, 0.6687499999999998], [-0.6687499999999998, 0.6687499999999998, -0.6687499999999998, -0.6687499999999998, 0.6687499999999998, -0.6687499999999998, -0.6687499999999998, 0.6687499999999998], [-0.6687499999999998, 0.6687499999999998, -0.6687499999999998, -0.6687499999999998, -0.6687499999999998, 0.6687499999999998, 0.6687499999999998, 0.6687499999999998], [-0.6687499999999998, 0.6687499999999998, -0.6687499999999998, -0.6687499999999998, -0.6687499999999998, 0.6687499999999998, -0.6687499999999998, 0.6687499999999998], [-0.6687499999999998, 0.6687499999999998, -0.6687499999999998, -0.6687499999999998, -0.6687499999999998, -0.6687499999999998, 0.6687499999999998, 0.6687499999999998], [-0.6687499999999998, 0.6687499999999998, -0.6687499999999998, -0.6687499999999998, -0.6687499999999998, -0.6687499999999998, -0.6687499999999998, 0.6687499999999998], [-0.6687499999999998, -0.6687499999999998, 0.6687499999999998, 0.6687499999999998, 0.6687499999999998, 0.6687499999999998, 0.6687499999999998, 0.6687499999999998], [-0.6687499999999998, -0.6687499999999998, 0.6687499999999998, 0.6687499999999998, 0.6687499999999998, 0.6687499999999998, -0.6687499999999998, 0.6687499999999998], [-0.6687499999999998, -0.6687499999999998, 0.6687499999999998, 0.6687499999999998, 0.6687499999999998, -0.6687499999999998, 0.6687499999999998, 0.6687499999999998], [-0.6687499999999998, -0.6687499999999998, 0.6687499999999998, 0.6687499999999998, 0.6687499999999998, -0.6687499999999998, -0.6687499999999998, 0.6687499999999998], [-0.6687499999999998, -0.6687499999999998, 0.6687499999999998, 0.6687499999999998, -0.6687499999999998, 0.6687499999999998, 0.6687499999999998, 0.6687499999999998], [-0.6687499999999998, -0.6687499999999998, 0.6687499999999998, 0.6687499999999998, -0.6687499999999998, 0.6687499999999998, -0.6687499999999998, 0.6687499999999998], [-0.6687499999999998, -0.6687499999999998, 0.6687499999999998, 0.6687499999999998, -0.6687499999999998, -0.6687499999999998, 0.6687499999999998, 0.6687499999999998], [-0.6687499999999998, -0.6687499999999998, 0.6687499999999998, 0.6687499999999998, -0.6687499999999998, -0.6687499999999998, -0.6687499999999998, 0.6687499999999998], [-0.6687499999999998, -0.6687499999999998, 0.6687499999999998, -0.6687499999999998, 0.6687499999999998, 0.6687499999999998, 0.6687499999999998, 0.6687499999999998], [-0.6687499999999998, -0.6687499999999998, 0.6687499999999998, -0.6687499999999998, 0.6687499999999998, 0.6687499999999998, -0.6687499999999998, 0.6687499999999998], [-0.6687499999999998, -0.6687499999999998, 0.6687499999999998, -0.6687499999999998, 0.6687499999999998, -0.6687499999999998, 0.6687499999999998, 0.6687499999999998], [-0.6687499999999998, -0.6687499999999998, 0.6687499999999998, -0.6687499999999998, 0.6687499999999998, -0.6687499999999998, -0.6687499999999998, 0.6687499999999998], [-0.6687499999999998, -0.6687499999999998, 0.6687499999999998, -0.6687499999999998, -0.6687499999999998, 0.6687499999999998, 0.6687499999999998, 0.6687499999999998], [-0.6687499999999998, -0.6687499999999998, 0.6687499999999998, -0.6687499999999998, -0.6687499999999998, 0.6687499999999998, -0.6687499999999998, 0.6687499999999998], [-0.6687499999999998, -0.6687499999999998, 0.6687499999999998, -0.6687499999999998, -0.6687499999999998, -0.6687499999999998, 0.6687499999999998, 0.6687499999999998], [-0.6687499999999998, -0.6687499999999998, 0.6687499999999998, -0.6687499999999998, -0.6687499999999998, -0.6687499999999998, -0.6687499999999998, 0.6687499999999998], [-0.6687499999999998, -0.6687499999999998, -0.6687499999999998, 0.6687499999999998, 0.6687499999999998, 0.6687499999999998, 0.6687499999999998, 0.6687499999999998], [-0.6687499999999998, -0.6687499999999998, -0.6687499999999998, 0.6687499999999998, 0.6687499999999998, 0.6687499999999998, -0.6687499999999998, 0.6687499999999998], [-0.6687499999999998, -0.6687499999999998, -0.6687499999999998, 0.6687499999999998, 0.6687499999999998, -0.6687499999999998, 0.6687499999999998, 0.6687499999999998], [-0.6687499999999998, -0.6687499999999998, -0.6687499999999998, 0.6687499999999998, 0.6687499999999998, -0.6687499999999998, -0.6687499999999998, 0.6687499999999998], [-0.6687499999999998, -0.6687499999999998, -0.6687499999999998, 0.6687499999999998, -0.6687499999999998, 0.6687499999999998, 0.6687499999999998, 0.6687499999999998], [-0.6687499999999998, -0.6687499999999998, -0.6687499999999998, 0.6687499999999998, -0.6687499999999998, 0.6687499999999998, -0.6687499999999998, 0.6687499999999998], [-0.6687499999999998, -0.6687499999999998, -0.6687499999999998, 0.6687499999999998, -0.6687499999999998, -0.6687499999999998, 0.6687499999999998, 0.6687499999999998], [-0.6687499999999998, -0.6687499999999998, -0.6687499999999998, 0.6687499999999998, -0.6687499999999998, -0.6687499999999998, -0.6687499999999998, 0.6687499999999998], [-0.6687499999999998, -0.6687499999999998, -0.6687499999999998, -0.6687499999999998, 0.6687499999999998, 0.6687499999999998, 0.6687499999999998, 0.6687499999999998], [-0.6687499999999998, -0.6687499999999998, -0.6687499999999998, -0.6687499999999998, 0.6687499999999998, 0.6687499999999998, -0.6687499999999998, 0.6687499999999998], [-0.6687499999999998, -0.6687499999999998, -0.6687499999999998, -0.6687499999999998, 0.6687499999999998, -0.6687499999999998, 0.6687499999999998, 0.6687499999999998], [-0.6687499999999998, -0.6687499999999998, -0.6687499999999998, -0.6687499999999998, 0.6687499999999998, -0.6687499999999998, -0.6687499999999998, 0.6687499999999998], [-0.6687499999999998, -0.6687499999999998, -0.6687499999999998, -0.6687499999999998, -0.6687499999999998, 0.6687499999999998, 0.6687499999999998, 0.6687499999999998], [-0.6687499999999998, -0.6687499999999998, -0.6687499999999998, -0.6687499999999998, -0.6687499999999998, 0.6687499999999998, -0.6687499999999998, 0.6687499999999998], [-0.6687499999999998, -0.6687499999999998, -0.6687499999999998, -0.6687499999999998, -0.6687499999999998, -0.6687499999999998, 0.6687499999999998, 0.6687499999999998], [-0.6687499999999998, -0.6687499999999998, -0.6687499999999998, -0.6687499999999998, -0.6687499999999998, -0.6687499999999998, -0.6687499999999998, 0.6687499999999998]]
multiprocessing.pool.RemoteTraceback: 
"""
Traceback (most recent call last):
  File "/usr/lib/python3.9/multiprocessing/pool.py", line 125, in worker
    result = (True, func(*args, **kwds))
  File "/usr/lib/python3.9/multiprocessing/pool.py", line 48, in mapstar
    return list(map(*args))
  File "/home/iamtxena/sandbox/coherent-state-discrimination/examples/parallel_experiments.py", line 184, in uncurry_launch_execution
    return launch_execution(configuration=one_execution_configuration)
  File "/home/iamtxena/sandbox/coherent-state-discrimination/services/library/src/csd/utils/util.py", line 73, in wrap
    result = f(*args, **kw)
  File "/home/iamtxena/sandbox/coherent-state-discrimination/examples/parallel_experiments.py", line 156, in launch_execution
    return csd.execute(
  File "/home/iamtxena/sandbox/coherent-state-discrimination/services/library/src/csd/utils/util.py", line 73, in wrap
    result = f(*args, **kw)
  File "/home/iamtxena/sandbox/coherent-state-discrimination/services/library/src/csd/csd.py", line 318, in execute
    return self._train_and_test(training_result=training_result,
  File "/home/iamtxena/sandbox/coherent-state-discrimination/services/library/src/csd/csd.py", line 367, in _train_and_test
    self._engine = self._create_engine()
  File "/home/iamtxena/sandbox/coherent-state-discrimination/services/library/src/csd/csd.py", line 748, in _create_engine
    return TFEngine(
  File "/home/iamtxena/environments/csd/lib/python3.9/site-packages/typeguard/__init__.py", line 1033, in wrapper
    retval = func(*args, **kwargs)
  File "/home/iamtxena/sandbox/coherent-state-discrimination/services/library/src/csd/engine.py", line 36, in __init__
    self._measurement_matrices = generate_measurement_matrices(num_modes=number_modes, cutoff_dim=self._cutoff_dim)
  File "/home/iamtxena/sandbox/coherent-state-discrimination/services/library/src/csd/utils/util.py", line 259, in generate_measurement_matrices
    return [generate_measurement_matrix_one_outcome(outcome=outcome, cutoff_dim=cutoff_dim, zeros_matrix=zeros_matrix)
  File "/home/iamtxena/sandbox/coherent-state-discrimination/services/library/src/csd/utils/util.py", line 259, in <listcomp>
    return [generate_measurement_matrix_one_outcome(outcome=outcome, cutoff_dim=cutoff_dim, zeros_matrix=zeros_matrix)
  File "/home/iamtxena/sandbox/coherent-state-discrimination/services/library/src/csd/utils/util.py", line 225, in generate_measurement_matrix_one_outcome
    raise ValueError("modes not supported. Only from 1 to 7 modes supported.")
ValueError: modes not supported. Only from 1 to 7 modes supported.
"""

The above exception was the direct cause of the following exception:

Traceback (most recent call last):
  File "/home/iamtxena/sandbox/coherent-state-discrimination/examples/parallel_experiments.py", line 411, in <module>
    multi_tf_backend(multiprocess_configuration=multiprocess_configuration)
  File "/home/iamtxena/sandbox/coherent-state-discrimination/examples/parallel_experiments.py", line 349, in multi_tf_backend
    _general_execution(
  File "/home/iamtxena/sandbox/coherent-state-discrimination/services/library/src/csd/utils/util.py", line 73, in wrap
    result = f(*args, **kw)
  File "/home/iamtxena/sandbox/coherent-state-discrimination/examples/parallel_experiments.py", line 279, in _general_execution
    execution_results = pool.map_async(
  File "/usr/lib/python3.9/multiprocessing/pool.py", line 771, in get
    raise self._value
ValueError: modes not supported. Only from 1 to 7 modes supported.
